AR procesador2 arq_procesador2 D:/Proyectos_Xilinx/Procesador4ConConexxion/procesador2.vhd sub00/vhpl25 1526342456
EN psr NULL D:/Proyectos_Xilinx/Procesador4ConConexxion/PSR.vhd sub00/vhpl20 1526342451
EN windowsmanager NULL D:/Proyectos_Xilinx/Procesador4ConConexxion/WindowsManager.vhd sub00/vhpl22 1526342453
AR instruction_memory_im behavioral D:/Proyectos_Xilinx/Procesador4ConConexxion/instruction_memory_IM.vhd sub00/vhpl07 1526342438
AR npc behavioral D:/Proyectos_Xilinx/Procesador4ConConexxion/nPc.vhd sub00/vhpl03 1526342434
AR mux_multiplexor behavioral D:/Proyectos_Xilinx/Procesador4ConConexxion/MUX_multiplexor.vhd sub00/vhpl13 1526342444
AR sumador behavioral D:/Proyectos_Xilinx/Procesador4ConConexxion/sumador.vhd sub00/vhpl01 1526342432
AR register_file_rf behavioral D:/Proyectos_Xilinx/Procesador4ConConexxion/register_file_RF.vhd sub00/vhpl11 1526342442
EN register_file_rf NULL D:/Proyectos_Xilinx/Procesador4ConConexxion/register_file_RF.vhd sub00/vhpl10 1526342441
AR psr_modifier behavioral D:/Proyectos_Xilinx/Procesador4ConConexxion/PSR_modifier.vhd sub00/vhpl19 1526342450
AR uc behavioral D:/Proyectos_Xilinx/Procesador4ConConexxion/UC.vhd sub00/vhpl09 1526342440
EN uc NULL D:/Proyectos_Xilinx/Procesador4ConConexxion/UC.vhd sub00/vhpl08 1526342439
EN procesador2 NULL D:/Proyectos_Xilinx/Procesador4ConConexxion/procesador2.vhd sub00/vhpl24 1526342455
AR psr behavioral D:/Proyectos_Xilinx/Procesador4ConConexxion/PSR.vhd sub00/vhpl21 1526342452
EN npc NULL D:/Proyectos_Xilinx/Procesador4ConConexxion/nPc.vhd sub00/vhpl02 1526342433
EN psr_modifier NULL D:/Proyectos_Xilinx/Procesador4ConConexxion/PSR_modifier.vhd sub00/vhpl18 1526342449
EN instruction_memory_im NULL D:/Proyectos_Xilinx/Procesador4ConConexxion/instruction_memory_IM.vhd sub00/vhpl06 1526342437
EN progam_counter_pc NULL D:/Proyectos_Xilinx/Procesador4ConConexxion/progam_counter_PC.vhd sub00/vhpl04 1526342435
AR seu_unidad_extension_signo behavioral D:/Proyectos_Xilinx/Procesador4ConConexxion/SEU_unidad_extension_signo.vhd sub00/vhpl15 1526342446
AR alu behavioral D:/Proyectos_Xilinx/Procesador4ConConexxion/ALU.vhd sub00/vhpl17 1526342448
AR windowsmanager arq_wm D:/Proyectos_Xilinx/Procesador4ConConexxion/WindowsManager.vhd sub00/vhpl23 1526342454
EN sumador NULL D:/Proyectos_Xilinx/Procesador4ConConexxion/sumador.vhd sub00/vhpl00 1526342431
AR progam_counter_pc behavioral D:/Proyectos_Xilinx/Procesador4ConConexxion/progam_counter_PC.vhd sub00/vhpl05 1526342436
EN seu_unidad_extension_signo NULL D:/Proyectos_Xilinx/Procesador4ConConexxion/SEU_unidad_extension_signo.vhd sub00/vhpl14 1526342445
EN alu NULL D:/Proyectos_Xilinx/Procesador4ConConexxion/ALU.vhd sub00/vhpl16 1526342447
EN mux_multiplexor NULL D:/Proyectos_Xilinx/Procesador4ConConexxion/MUX_multiplexor.vhd sub00/vhpl12 1526342443
