V3 51
FL D:/Proyectos_Xilinx/Procesador4ConConexxion/ALU.vhd 2018/05/14.18:12:32 P.58f
EN work/ALU 1526342447 FL D:/Proyectos_Xilinx/Procesador4ConConexxion/ALU.vhd \
      PB ieee/std_logic_1164 1364358218 PB ieee/std_logic_arith 1364358219 \
      PB ieee/STD_LOGIC_UNSIGNED 1364358221 PB ieee/NUMERIC_STD 1364358223
AR work/ALU/Behavioral 1526342448 \
      FL D:/Proyectos_Xilinx/Procesador4ConConexxion/ALU.vhd EN work/ALU 1526342447
FL D:/Proyectos_Xilinx/Procesador4ConConexxion/instruction_memory_IM.vhd 2018/04/24.16:08:31 P.58f
EN work/instruction_memory_IM 1526342437 \
      FL D:/Proyectos_Xilinx/Procesador4ConConexxion/instruction_memory_IM.vhd \
      PB ieee/std_logic_1164 1364358218 PB ieee/STD_LOGIC_UNSIGNED 1364358221 \
      PB std/TEXTIO 1364358218
AR work/instruction_memory_IM/Behavioral 1526342438 \
      FL D:/Proyectos_Xilinx/Procesador4ConConexxion/instruction_memory_IM.vhd \
      EN work/instruction_memory_IM 1526342437
FL D:/Proyectos_Xilinx/Procesador4ConConexxion/MUX_multiplexor.vhd 2018/04/16.23:27:23 P.58f
EN work/MUX_multiplexor 1526342443 \
      FL D:/Proyectos_Xilinx/Procesador4ConConexxion/MUX_multiplexor.vhd \
      PB ieee/std_logic_1164 1364358218
AR work/MUX_multiplexor/Behavioral 1526342444 \
      FL D:/Proyectos_Xilinx/Procesador4ConConexxion/MUX_multiplexor.vhd \
      EN work/MUX_multiplexor 1526342443
FL D:/Proyectos_Xilinx/Procesador4ConConexxion/nPc.vhd 2018/04/23.20:58:52 P.58f
EN work/nPc 1526342433 FL D:/Proyectos_Xilinx/Procesador4ConConexxion/nPc.vhd \
      PB ieee/std_logic_1164 1364358218
AR work/nPc/Behavioral 1526342434 \
      FL D:/Proyectos_Xilinx/Procesador4ConConexxion/nPc.vhd EN work/nPc 1526342433
FL D:/Proyectos_Xilinx/Procesador4ConConexxion/procesador2.vhd 2018/05/14.18:38:47 P.58f
EN work/procesador2 1526342455 \
      FL D:/Proyectos_Xilinx/Procesador4ConConexxion/procesador2.vhd \
      PB ieee/std_logic_1164 1364358218
AR work/procesador2/arq_Procesador2 1526342456 \
      FL D:/Proyectos_Xilinx/Procesador4ConConexxion/procesador2.vhd \
      EN work/procesador2 1526342455 CP sumador CP nPc CP progam_counter_PC \
      CP instruction_memory_IM CP UC CP register_file_RF CP MUX_multiplexor \
      CP SEU_unidad_extension_signo CP ALU CP PSR_modifier CP PSR CP WindowsManager
FL D:/Proyectos_Xilinx/Procesador4ConConexxion/progam_counter_PC.vhd 2018/04/24.16:30:25 P.58f
EN work/progam_counter_PC 1526342435 \
      FL D:/Proyectos_Xilinx/Procesador4ConConexxion/progam_counter_PC.vhd \
      PB ieee/std_logic_1164 1364358218
AR work/progam_counter_PC/Behavioral 1526342436 \
      FL D:/Proyectos_Xilinx/Procesador4ConConexxion/progam_counter_PC.vhd \
      EN work/progam_counter_PC 1526342435
FL D:/Proyectos_Xilinx/Procesador4ConConexxion/PSR.vhd 2018/05/14.18:49:21 P.58f
EN work/PSR 1526342451 FL D:/Proyectos_Xilinx/Procesador4ConConexxion/PSR.vhd \
      PB ieee/std_logic_1164 1364358218
AR work/PSR/Behavioral 1526342452 \
      FL D:/Proyectos_Xilinx/Procesador4ConConexxion/PSR.vhd EN work/PSR 1526342451
FL D:/Proyectos_Xilinx/Procesador4ConConexxion/PSR_modifier.vhd 2018/05/07.19:45:56 P.58f
EN work/PSR_modifier 1526342449 \
      FL D:/Proyectos_Xilinx/Procesador4ConConexxion/PSR_modifier.vhd \
      PB ieee/std_logic_1164 1364358218
AR work/PSR_modifier/Behavioral 1526342450 \
      FL D:/Proyectos_Xilinx/Procesador4ConConexxion/PSR_modifier.vhd \
      EN work/PSR_modifier 1526342449
FL D:/Proyectos_Xilinx/Procesador4ConConexxion/register_file_RF.vhd 2018/05/14.18:21:49 P.58f
EN work/register_file_RF 1526342441 \
      FL D:/Proyectos_Xilinx/Procesador4ConConexxion/register_file_RF.vhd \
      PB ieee/std_logic_1164 1364358218 PB ieee/STD_LOGIC_UNSIGNED 1364358221
AR work/register_file_RF/Behavioral 1526342442 \
      FL D:/Proyectos_Xilinx/Procesador4ConConexxion/register_file_RF.vhd \
      EN work/register_file_RF 1526342441
FL D:/Proyectos_Xilinx/Procesador4ConConexxion/SEU_unidad_extension_signo.vhd 2018/04/17.13:30:57 P.58f
EN work/SEU_unidad_extension_signo 1526342445 \
      FL D:/Proyectos_Xilinx/Procesador4ConConexxion/SEU_unidad_extension_signo.vhd \
      PB ieee/std_logic_1164 1364358218
AR work/SEU_unidad_extension_signo/Behavioral 1526342446 \
      FL D:/Proyectos_Xilinx/Procesador4ConConexxion/SEU_unidad_extension_signo.vhd \
      EN work/SEU_unidad_extension_signo 1526342445
FL D:/Proyectos_Xilinx/Procesador4ConConexxion/sumador.vhd 2018/04/09.23:22:34 P.58f
EN work/sumador 1526342431 \
      FL D:/Proyectos_Xilinx/Procesador4ConConexxion/sumador.vhd \
      PB ieee/std_logic_1164 1364358218 PB ieee/NUMERIC_STD 1364358223 \
      PB ieee/STD_LOGIC_UNSIGNED 1364358221
AR work/sumador/Behavioral 1526342432 \
      FL D:/Proyectos_Xilinx/Procesador4ConConexxion/sumador.vhd EN work/sumador 1526342431
FL D:/Proyectos_Xilinx/Procesador4ConConexxion/UC.vhd 2018/05/14.18:15:02 P.58f
EN work/UC 1526342439 FL D:/Proyectos_Xilinx/Procesador4ConConexxion/UC.vhd \
      PB ieee/std_logic_1164 1364358218
AR work/UC/Behavioral 1526342440 \
      FL D:/Proyectos_Xilinx/Procesador4ConConexxion/UC.vhd EN work/UC 1526342439
FL D:/Proyectos_Xilinx/Procesador4ConConexxion/WindowsManager.vhd 2018/05/14.18:44:12 P.58f
EN work/WindowsManager 1526342453 \
      FL D:/Proyectos_Xilinx/Procesador4ConConexxion/WindowsManager.vhd \
      PB ieee/std_logic_1164 1364358218 PB ieee/std_logic_arith 1364358219 \
      PB ieee/STD_LOGIC_UNSIGNED 1364358221
AR work/WindowsManager/arq_WM 1526342454 \
      FL D:/Proyectos_Xilinx/Procesador4ConConexxion/WindowsManager.vhd \
      EN work/WindowsManager 1526342453
